Archive member included to satisfy reference by file (symbol)

c:/program files (x86)/atmel/studio/7.0/toolchain/avr8/avr8-gnu-toolchain/bin/../lib/gcc/avr/4.9.2/avr5\libgcc.a(_divmodhi4.o)
                              include/lcd_lib.o (__divmodhi4)
c:/program files (x86)/atmel/studio/7.0/toolchain/avr8/avr8-gnu-toolchain/bin/../lib/gcc/avr/4.9.2/avr5\libgcc.a(_exit.o)
                              C:/Program Files (x86)/Atmel/Studio/7.0/Packs/atmel/ATmega_DFP/1.1.130/gcc/dev/at90can32/avr5/crtat90can32.o (exit)
c:/program files (x86)/atmel/studio/7.0/toolchain/avr8/avr8-gnu-toolchain/bin/../lib/gcc/avr/4.9.2/avr5\libgcc.a(_copy_data.o)
                              source/main.o (__do_copy_data)
c:/program files (x86)/atmel/studio/7.0/toolchain/avr8/avr8-gnu-toolchain/bin/../lib/gcc/avr/4.9.2/avr5\libgcc.a(_clear_bss.o)
                              source/heap_1.o (__do_clear_bss)
c:/program files (x86)/atmel/studio/7.0/toolchain/avr8/avr8-gnu-toolchain/bin/../lib/gcc/avr/4.9.2/avr5\libgcc.a(_umulhisi3.o)
                              include/lcd_lib.o (__umulhisi3)
c:/program files (x86)/atmel/studio/7.0/toolchain/avr8/avr8-gnu-toolchain/bin/../lib/gcc/avr/4.9.2/avr5\libgcc.a(_udivmodhi4.o)
                              c:/program files (x86)/atmel/studio/7.0/toolchain/avr8/avr8-gnu-toolchain/bin/../lib/gcc/avr/4.9.2/avr5\libgcc.a(_divmodhi4.o) (__udivmodhi4)
c:/program files (x86)/atmel/studio/7.0/toolchain/avr8/avr8-gnu-toolchain/bin/../lib/gcc/avr/4.9.2/../../../../avr/lib/avr5\libc.a(memcpy.o)
                              source/queue.o (memcpy)
c:/program files (x86)/atmel/studio/7.0/toolchain/avr8/avr8-gnu-toolchain/bin/../lib/gcc/avr/4.9.2/../../../../avr/lib/avr5\libc.a(itoa_ncheck.o)
                              source/main.o (__itoa_ncheck)
c:/program files (x86)/atmel/studio/7.0/toolchain/avr8/avr8-gnu-toolchain/bin/../lib/gcc/avr/4.9.2/../../../../avr/lib/avr5\libc.a(utoa_ncheck.o)
                              c:/program files (x86)/atmel/studio/7.0/toolchain/avr8/avr8-gnu-toolchain/bin/../lib/gcc/avr/4.9.2/../../../../avr/lib/avr5\libc.a(itoa_ncheck.o) (__utoa_common)
c:/program files (x86)/atmel/studio/7.0/toolchain/avr8/avr8-gnu-toolchain/bin/../lib/gcc/avr/4.9.2/../../../../avr/lib/avr5\libc.a(strrev.o)
                              c:/program files (x86)/atmel/studio/7.0/toolchain/avr8/avr8-gnu-toolchain/bin/../lib/gcc/avr/4.9.2/../../../../avr/lib/avr5\libc.a(utoa_ncheck.o) (strrev)

Discarded input sections

 .data          0x00000000        0x0 C:/Program Files (x86)/Atmel/Studio/7.0/Packs/atmel/ATmega_DFP/1.1.130/gcc/dev/at90can32/avr5/crtat90can32.o
 .bss           0x00000000        0x0 C:/Program Files (x86)/Atmel/Studio/7.0/Packs/atmel/ATmega_DFP/1.1.130/gcc/dev/at90can32/avr5/crtat90can32.o
 .text          0x00000000        0x0 include/lcd_lib.o
 .data          0x00000000        0x0 include/lcd_lib.o
 .bss           0x00000000        0x0 include/lcd_lib.o
 .text.LCDsendChar
                0x00000000       0x52 include/lcd_lib.o
 .text.LCDsendCommand
                0x00000000       0x4a include/lcd_lib.o
 .text.LCDclr   0x00000000        0x8 include/lcd_lib.o
 .text.LCDhome  0x00000000        0x8 include/lcd_lib.o
 .text.LCDstring
                0x00000000       0x36 include/lcd_lib.o
 .text.LCDGotoXY
                0x00000000       0x1e include/lcd_lib.o
 .text.CopyStringtoLCD
                0x00000000       0x3c include/lcd_lib.o
 .text.LCDdefinechar
                0x00000000       0x44 include/lcd_lib.o
 .text.LCDinit  0x00000000       0xac include/lcd_lib.o
 .text.LCDshiftLeft
                0x00000000       0x1e include/lcd_lib.o
 .text.LCDshiftRight
                0x00000000       0x1e include/lcd_lib.o
 .text.LCDcursorOn
                0x00000000        0x8 include/lcd_lib.o
 .text.LCDcursorOnBlink
                0x00000000        0x8 include/lcd_lib.o
 .text.LCDcursorOFF
                0x00000000        0x8 include/lcd_lib.o
 .text.LCDblank
                0x00000000        0x8 include/lcd_lib.o
 .text.LCDvisible
                0x00000000        0x8 include/lcd_lib.o
 .text.LCDcursorLeft
                0x00000000       0x1e include/lcd_lib.o
 .text.LCDcursorRight
                0x00000000       0x1e include/lcd_lib.o
 .text.LCDprogressBar
                0x00000000       0xb0 include/lcd_lib.o
 .progmem.data.LcdCustomChar
                0x00000000       0x40 include/lcd_lib.o
 .debug_info    0x00000000      0xa12 include/lcd_lib.o
 .debug_abbrev  0x00000000      0x20f include/lcd_lib.o
 .debug_loc     0x00000000      0x87d include/lcd_lib.o
 .debug_aranges
                0x00000000       0xb0 include/lcd_lib.o
 .debug_ranges  0x00000000       0xb8 include/lcd_lib.o
 .debug_line    0x00000000      0x56e include/lcd_lib.o
 .debug_str     0x00000000      0x32b include/lcd_lib.o
 .comment       0x00000000       0x31 include/lcd_lib.o
 .debug_frame   0x00000000      0x1f4 include/lcd_lib.o
 .text          0x00000000        0x0 include/LED.o
 .data          0x00000000        0x0 include/LED.o
 .bss           0x00000000        0x0 include/LED.o
 .text.vLEDInit
                0x00000000        0x4 include/LED.o
 .text.vLEDToggle
                0x00000000        0xa include/LED.o
 .debug_info    0x00000000       0x99 include/LED.o
 .debug_abbrev  0x00000000       0x51 include/LED.o
 .debug_aranges
                0x00000000       0x28 include/LED.o
 .debug_ranges  0x00000000       0x18 include/LED.o
 .debug_line    0x00000000       0xbc include/LED.o
 .debug_str     0x00000000      0x182 include/LED.o
 .comment       0x00000000       0x31 include/LED.o
 .debug_frame   0x00000000       0x34 include/LED.o
 .text          0x00000000        0x0 source/heap_1.o
 .data          0x00000000        0x0 source/heap_1.o
 .bss           0x00000000        0x0 source/heap_1.o
 .text.vPortInitialiseBlocks
                0x00000000        0xa source/heap_1.o
 .text.xPortGetFreeHeapSize
                0x00000000       0x12 source/heap_1.o
 .text          0x00000000        0x0 source/list.o
 .data          0x00000000        0x0 source/list.o
 .bss           0x00000000        0x0 source/list.o
 .text          0x00000000        0x0 source/main.o
 .data          0x00000000        0x0 source/main.o
 .bss           0x00000000        0x0 source/main.o
 .text.NOPS     0x00000000       0x14 source/main.o
 .text.String_Length
                0x00000000       0x1e source/main.o
 .text.LCDReturnHome
                0x00000000       0x22 source/main.o
 .text.LCDCursorOrDisplayShift
                0x00000000       0x3a source/main.o
 .text.LCDClearXY
                0x00000000        0xe source/main.o
 .text.LCDClearMore
                0x00000000       0x2a source/main.o
 .text.LCDTurnOff
                0x00000000       0x1e source/main.o
 .text          0x00000000        0x0 source/port.o
 .data          0x00000000        0x0 source/port.o
 .bss           0x00000000        0x0 source/port.o
 .text.vPortEndScheduler
                0x00000000        0x2 source/port.o
 .text          0x00000000        0x0 source/queue.o
 .data          0x00000000        0x0 source/queue.o
 .bss           0x00000000        0x0 source/queue.o
 .text.xQueueGenericSendFromISR
                0x00000000       0x74 source/queue.o
 .text.xQueueGiveFromISR
                0x00000000       0x52 source/queue.o
 .text.xQueueReceiveFromISR
                0x00000000       0x6e source/queue.o
 .text.xQueuePeekFromISR
                0x00000000       0x2e source/queue.o
 .text.uxQueueMessagesWaiting
                0x00000000       0x10 source/queue.o
 .text.uxQueueSpacesAvailable
                0x00000000       0x14 source/queue.o
 .text.uxQueueMessagesWaitingFromISR
                0x00000000        0x6 source/queue.o
 .text.vQueueDelete
                0x00000000        0x6 source/queue.o
 .text.xQueueIsQueueEmptyFromISR
                0x00000000        0xc source/queue.o
 .text.xQueueIsQueueFullFromISR
                0x00000000        0xe source/queue.o
 .text          0x00000000        0x0 source/tasks.o
 .data          0x00000000        0x0 source/tasks.o
 .bss           0x00000000        0x0 source/tasks.o
 .text.vTaskDelete
                0x00000000       0xaa source/tasks.o
 .text.vTaskResume
                0x00000000       0x9e source/tasks.o
 .text.xTaskResumeFromISR
                0x00000000       0xae source/tasks.o
 .text.vTaskEndScheduler
                0x00000000        0xc source/tasks.o
 .text.xTaskGetTickCountFromISR
                0x00000000        0xa source/tasks.o
 .text.pcTaskGetName
                0x00000000       0x10 source/tasks.o
 .text.vTaskDelay
                0x00000000       0x28 source/tasks.o
 .text.vTaskSuspend
                0x00000000       0x9c source/tasks.o
 .text.vTaskPlaceOnUnorderedEventList
                0x00000000       0x32 source/tasks.o
 .text.xTaskRemoveFromUnorderedEventList
                0x00000000       0x74 source/tasks.o
 .text.uxTaskResetEventItemValue
                0x00000000       0x2e source/tasks.o
 .text.ulTaskNotifyTake
                0x00000000       0xb2 source/tasks.o
 .text.xTaskNotifyWait
                0x00000000      0x108 source/tasks.o
 .text.xTaskGenericNotify
                0x00000000       0xfc source/tasks.o
 .text.xTaskGenericNotifyFromISR
                0x00000000      0x122 source/tasks.o
 .text.vTaskNotifyGiveFromISR
                0x00000000       0xb6 source/tasks.o
 .text.xTaskNotifyStateClear
                0x00000000       0x28 source/tasks.o
 .text          0x00000000        0x0 c:/program files (x86)/atmel/studio/7.0/toolchain/avr8/avr8-gnu-toolchain/bin/../lib/gcc/avr/4.9.2/avr5\libgcc.a(_divmodhi4.o)
 .data          0x00000000        0x0 c:/program files (x86)/atmel/studio/7.0/toolchain/avr8/avr8-gnu-toolchain/bin/../lib/gcc/avr/4.9.2/avr5\libgcc.a(_divmodhi4.o)
 .bss           0x00000000        0x0 c:/program files (x86)/atmel/studio/7.0/toolchain/avr8/avr8-gnu-toolchain/bin/../lib/gcc/avr/4.9.2/avr5\libgcc.a(_divmodhi4.o)
 .text.libgcc.mul
                0x00000000        0x0 c:/program files (x86)/atmel/studio/7.0/toolchain/avr8/avr8-gnu-toolchain/bin/../lib/gcc/avr/4.9.2/avr5\libgcc.a(_divmodhi4.o)
 .text.libgcc.div
                0x00000000       0x28 c:/program files (x86)/atmel/studio/7.0/toolchain/avr8/avr8-gnu-toolchain/bin/../lib/gcc/avr/4.9.2/avr5\libgcc.a(_divmodhi4.o)
 .text.libgcc   0x00000000        0x0 c:/program files (x86)/atmel/studio/7.0/toolchain/avr8/avr8-gnu-toolchain/bin/../lib/gcc/avr/4.9.2/avr5\libgcc.a(_divmodhi4.o)
 .text.libgcc.prologue
                0x00000000        0x0 c:/program files (x86)/atmel/studio/7.0/toolchain/avr8/avr8-gnu-toolchain/bin/../lib/gcc/avr/4.9.2/avr5\libgcc.a(_divmodhi4.o)
 .text.libgcc.builtins
                0x00000000        0x0 c:/program files (x86)/atmel/studio/7.0/toolchain/avr8/avr8-gnu-toolchain/bin/../lib/gcc/avr/4.9.2/avr5\libgcc.a(_divmodhi4.o)
 .text.libgcc.fmul
                0x00000000        0x0 c:/program files (x86)/atmel/studio/7.0/toolchain/avr8/avr8-gnu-toolchain/bin/../lib/gcc/avr/4.9.2/avr5\libgcc.a(_divmodhi4.o)
 .text.libgcc.fixed
                0x00000000        0x0 c:/program files (x86)/atmel/studio/7.0/toolchain/avr8/avr8-gnu-toolchain/bin/../lib/gcc/avr/4.9.2/avr5\libgcc.a(_divmodhi4.o)
 .text          0x00000000        0x0 c:/program files (x86)/atmel/studio/7.0/toolchain/avr8/avr8-gnu-toolchain/bin/../lib/gcc/avr/4.9.2/avr5\libgcc.a(_exit.o)
 .data          0x00000000        0x0 c:/program files (x86)/atmel/studio/7.0/toolchain/avr8/avr8-gnu-toolchain/bin/../lib/gcc/avr/4.9.2/avr5\libgcc.a(_exit.o)
 .bss           0x00000000        0x0 c:/program files (x86)/atmel/studio/7.0/toolchain/avr8/avr8-gnu-toolchain/bin/../lib/gcc/avr/4.9.2/avr5\libgcc.a(_exit.o)
 .text.libgcc.mul
                0x00000000        0x0 c:/program files (x86)/atmel/studio/7.0/toolchain/avr8/avr8-gnu-toolchain/bin/../lib/gcc/avr/4.9.2/avr5\libgcc.a(_exit.o)
 .text.libgcc.div
                0x00000000        0x0 c:/program files (x86)/atmel/studio/7.0/toolchain/avr8/avr8-gnu-toolchain/bin/../lib/gcc/avr/4.9.2/avr5\libgcc.a(_exit.o)
 .text.libgcc   0x00000000        0x0 c:/program files (x86)/atmel/studio/7.0/toolchain/avr8/avr8-gnu-toolchain/bin/../lib/gcc/avr/4.9.2/avr5\libgcc.a(_exit.o)
 .text.libgcc.prologue
                0x00000000        0x0 c:/program files (x86)/atmel/studio/7.0/toolchain/avr8/avr8-gnu-toolchain/bin/../lib/gcc/avr/4.9.2/avr5\libgcc.a(_exit.o)
 .text.libgcc.builtins
                0x00000000        0x0 c:/program files (x86)/atmel/studio/7.0/toolchain/avr8/avr8-gnu-toolchain/bin/../lib/gcc/avr/4.9.2/avr5\libgcc.a(_exit.o)
 .text.libgcc.fmul
                0x00000000        0x0 c:/program files (x86)/atmel/studio/7.0/toolchain/avr8/avr8-gnu-toolchain/bin/../lib/gcc/avr/4.9.2/avr5\libgcc.a(_exit.o)
 .text.libgcc.fixed
                0x00000000        0x0 c:/program files (x86)/atmel/studio/7.0/toolchain/avr8/avr8-gnu-toolchain/bin/../lib/gcc/avr/4.9.2/avr5\libgcc.a(_exit.o)
 .text          0x00000000        0x0 c:/program files (x86)/atmel/studio/7.0/toolchain/avr8/avr8-gnu-toolchain/bin/../lib/gcc/avr/4.9.2/avr5\libgcc.a(_copy_data.o)
 .data          0x00000000        0x0 c:/program files (x86)/atmel/studio/7.0/toolchain/avr8/avr8-gnu-toolchain/bin/../lib/gcc/avr/4.9.2/avr5\libgcc.a(_copy_data.o)
 .bss           0x00000000        0x0 c:/program files (x86)/atmel/studio/7.0/toolchain/avr8/avr8-gnu-toolchain/bin/../lib/gcc/avr/4.9.2/avr5\libgcc.a(_copy_data.o)
 .text.libgcc.mul
                0x00000000        0x0 c:/program files (x86)/atmel/studio/7.0/toolchain/avr8/avr8-gnu-toolchain/bin/../lib/gcc/avr/4.9.2/avr5\libgcc.a(_copy_data.o)
 .text.libgcc.div
                0x00000000        0x0 c:/program files (x86)/atmel/studio/7.0/toolchain/avr8/avr8-gnu-toolchain/bin/../lib/gcc/avr/4.9.2/avr5\libgcc.a(_copy_data.o)
 .text.libgcc   0x00000000        0x0 c:/program files (x86)/atmel/studio/7.0/toolchain/avr8/avr8-gnu-toolchain/bin/../lib/gcc/avr/4.9.2/avr5\libgcc.a(_copy_data.o)
 .text.libgcc.prologue
                0x00000000        0x0 c:/program files (x86)/atmel/studio/7.0/toolchain/avr8/avr8-gnu-toolchain/bin/../lib/gcc/avr/4.9.2/avr5\libgcc.a(_copy_data.o)
 .text.libgcc.builtins
                0x00000000        0x0 c:/program files (x86)/atmel/studio/7.0/toolchain/avr8/avr8-gnu-toolchain/bin/../lib/gcc/avr/4.9.2/avr5\libgcc.a(_copy_data.o)
 .text.libgcc.fmul
                0x00000000        0x0 c:/program files (x86)/atmel/studio/7.0/toolchain/avr8/avr8-gnu-toolchain/bin/../lib/gcc/avr/4.9.2/avr5\libgcc.a(_copy_data.o)
 .text.libgcc.fixed
                0x00000000        0x0 c:/program files (x86)/atmel/studio/7.0/toolchain/avr8/avr8-gnu-toolchain/bin/../lib/gcc/avr/4.9.2/avr5\libgcc.a(_copy_data.o)
 .text          0x00000000        0x0 c:/program files (x86)/atmel/studio/7.0/toolchain/avr8/avr8-gnu-toolchain/bin/../lib/gcc/avr/4.9.2/avr5\libgcc.a(_clear_bss.o)
 .data          0x00000000        0x0 c:/program files (x86)/atmel/studio/7.0/toolchain/avr8/avr8-gnu-toolchain/bin/../lib/gcc/avr/4.9.2/avr5\libgcc.a(_clear_bss.o)
 .bss           0x00000000        0x0 c:/program files (x86)/atmel/studio/7.0/toolchain/avr8/avr8-gnu-toolchain/bin/../lib/gcc/avr/4.9.2/avr5\libgcc.a(_clear_bss.o)
 .text.libgcc.mul
                0x00000000        0x0 c:/program files (x86)/atmel/studio/7.0/toolchain/avr8/avr8-gnu-toolchain/bin/../lib/gcc/avr/4.9.2/avr5\libgcc.a(_clear_bss.o)
 .text.libgcc.div
                0x00000000        0x0 c:/program files (x86)/atmel/studio/7.0/toolchain/avr8/avr8-gnu-toolchain/bin/../lib/gcc/avr/4.9.2/avr5\libgcc.a(_clear_bss.o)
 .text.libgcc   0x00000000        0x0 c:/program files (x86)/atmel/studio/7.0/toolchain/avr8/avr8-gnu-toolchain/bin/../lib/gcc/avr/4.9.2/avr5\libgcc.a(_clear_bss.o)
 .text.libgcc.prologue
                0x00000000        0x0 c:/program files (x86)/atmel/studio/7.0/toolchain/avr8/avr8-gnu-toolchain/bin/../lib/gcc/avr/4.9.2/avr5\libgcc.a(_clear_bss.o)
 .text.libgcc.builtins
                0x00000000        0x0 c:/program files (x86)/atmel/studio/7.0/toolchain/avr8/avr8-gnu-toolchain/bin/../lib/gcc/avr/4.9.2/avr5\libgcc.a(_clear_bss.o)
 .text.libgcc.fmul
                0x00000000        0x0 c:/program files (x86)/atmel/studio/7.0/toolchain/avr8/avr8-gnu-toolchain/bin/../lib/gcc/avr/4.9.2/avr5\libgcc.a(_clear_bss.o)
 .text.libgcc.fixed
                0x00000000        0x0 c:/program files (x86)/atmel/studio/7.0/toolchain/avr8/avr8-gnu-toolchain/bin/../lib/gcc/avr/4.9.2/avr5\libgcc.a(_clear_bss.o)
 .text          0x00000000        0x0 c:/program files (x86)/atmel/studio/7.0/toolchain/avr8/avr8-gnu-toolchain/bin/../lib/gcc/avr/4.9.2/avr5\libgcc.a(_umulhisi3.o)
 .data          0x00000000        0x0 c:/program files (x86)/atmel/studio/7.0/toolchain/avr8/avr8-gnu-toolchain/bin/../lib/gcc/avr/4.9.2/avr5\libgcc.a(_umulhisi3.o)
 .bss           0x00000000        0x0 c:/program files (x86)/atmel/studio/7.0/toolchain/avr8/avr8-gnu-toolchain/bin/../lib/gcc/avr/4.9.2/avr5\libgcc.a(_umulhisi3.o)
 .text.libgcc.mul
                0x00000000       0x1e c:/program files (x86)/atmel/studio/7.0/toolchain/avr8/avr8-gnu-toolchain/bin/../lib/gcc/avr/4.9.2/avr5\libgcc.a(_umulhisi3.o)
 .text.libgcc.div
                0x00000000        0x0 c:/program files (x86)/atmel/studio/7.0/toolchain/avr8/avr8-gnu-toolchain/bin/../lib/gcc/avr/4.9.2/avr5\libgcc.a(_umulhisi3.o)
 .text.libgcc   0x00000000        0x0 c:/program files (x86)/atmel/studio/7.0/toolchain/avr8/avr8-gnu-toolchain/bin/../lib/gcc/avr/4.9.2/avr5\libgcc.a(_umulhisi3.o)
 .text.libgcc.prologue
                0x00000000        0x0 c:/program files (x86)/atmel/studio/7.0/toolchain/avr8/avr8-gnu-toolchain/bin/../lib/gcc/avr/4.9.2/avr5\libgcc.a(_umulhisi3.o)
 .text.libgcc.builtins
                0x00000000        0x0 c:/program files (x86)/atmel/studio/7.0/toolchain/avr8/avr8-gnu-toolchain/bin/../lib/gcc/avr/4.9.2/avr5\libgcc.a(_umulhisi3.o)
 .text.libgcc.fmul
                0x00000000        0x0 c:/program files (x86)/atmel/studio/7.0/toolchain/avr8/avr8-gnu-toolchain/bin/../lib/gcc/avr/4.9.2/avr5\libgcc.a(_umulhisi3.o)
 .text.libgcc.fixed
                0x00000000        0x0 c:/program files (x86)/atmel/studio/7.0/toolchain/avr8/avr8-gnu-toolchain/bin/../lib/gcc/avr/4.9.2/avr5\libgcc.a(_umulhisi3.o)
 .text          0x00000000        0x0 c:/program files (x86)/atmel/studio/7.0/toolchain/avr8/avr8-gnu-toolchain/bin/../lib/gcc/avr/4.9.2/avr5\libgcc.a(_udivmodhi4.o)
 .data          0x00000000        0x0 c:/program files (x86)/atmel/studio/7.0/toolchain/avr8/avr8-gnu-toolchain/bin/../lib/gcc/avr/4.9.2/avr5\libgcc.a(_udivmodhi4.o)
 .bss           0x00000000        0x0 c:/program files (x86)/atmel/studio/7.0/toolchain/avr8/avr8-gnu-toolchain/bin/../lib/gcc/avr/4.9.2/avr5\libgcc.a(_udivmodhi4.o)
 .text.libgcc.mul
                0x00000000        0x0 c:/program files (x86)/atmel/studio/7.0/toolchain/avr8/avr8-gnu-toolchain/bin/../lib/gcc/avr/4.9.2/avr5\libgcc.a(_udivmodhi4.o)
 .text.libgcc.div
                0x00000000       0x28 c:/program files (x86)/atmel/studio/7.0/toolchain/avr8/avr8-gnu-toolchain/bin/../lib/gcc/avr/4.9.2/avr5\libgcc.a(_udivmodhi4.o)
 .text.libgcc   0x00000000        0x0 c:/program files (x86)/atmel/studio/7.0/toolchain/avr8/avr8-gnu-toolchain/bin/../lib/gcc/avr/4.9.2/avr5\libgcc.a(_udivmodhi4.o)
 .text.libgcc.prologue
                0x00000000        0x0 c:/program files (x86)/atmel/studio/7.0/toolchain/avr8/avr8-gnu-toolchain/bin/../lib/gcc/avr/4.9.2/avr5\libgcc.a(_udivmodhi4.o)
 .text.libgcc.builtins
                0x00000000        0x0 c:/program files (x86)/atmel/studio/7.0/toolchain/avr8/avr8-gnu-toolchain/bin/../lib/gcc/avr/4.9.2/avr5\libgcc.a(_udivmodhi4.o)
 .text.libgcc.fmul
                0x00000000        0x0 c:/program files (x86)/atmel/studio/7.0/toolchain/avr8/avr8-gnu-toolchain/bin/../lib/gcc/avr/4.9.2/avr5\libgcc.a(_udivmodhi4.o)
 .text.libgcc.fixed
                0x00000000        0x0 c:/program files (x86)/atmel/studio/7.0/toolchain/avr8/avr8-gnu-toolchain/bin/../lib/gcc/avr/4.9.2/avr5\libgcc.a(_udivmodhi4.o)
 .text          0x00000000        0x0 c:/program files (x86)/atmel/studio/7.0/toolchain/avr8/avr8-gnu-toolchain/bin/../lib/gcc/avr/4.9.2/../../../../avr/lib/avr5\libc.a(memcpy.o)
 .data          0x00000000        0x0 c:/program files (x86)/atmel/studio/7.0/toolchain/avr8/avr8-gnu-toolchain/bin/../lib/gcc/avr/4.9.2/../../../../avr/lib/avr5\libc.a(memcpy.o)
 .bss           0x00000000        0x0 c:/program files (x86)/atmel/studio/7.0/toolchain/avr8/avr8-gnu-toolchain/bin/../lib/gcc/avr/4.9.2/../../../../avr/lib/avr5\libc.a(memcpy.o)
 .text          0x00000000        0x0 c:/program files (x86)/atmel/studio/7.0/toolchain/avr8/avr8-gnu-toolchain/bin/../lib/gcc/avr/4.9.2/../../../../avr/lib/avr5\libc.a(itoa_ncheck.o)
 .data          0x00000000        0x0 c:/program files (x86)/atmel/studio/7.0/toolchain/avr8/avr8-gnu-toolchain/bin/../lib/gcc/avr/4.9.2/../../../../avr/lib/avr5\libc.a(itoa_ncheck.o)
 .bss           0x00000000        0x0 c:/program files (x86)/atmel/studio/7.0/toolchain/avr8/avr8-gnu-toolchain/bin/../lib/gcc/avr/4.9.2/../../../../avr/lib/avr5\libc.a(itoa_ncheck.o)
 .text          0x00000000        0x0 c:/program files (x86)/atmel/studio/7.0/toolchain/avr8/avr8-gnu-toolchain/bin/../lib/gcc/avr/4.9.2/../../../../avr/lib/avr5\libc.a(utoa_ncheck.o)
 .data          0x00000000        0x0 c:/program files (x86)/atmel/studio/7.0/toolchain/avr8/avr8-gnu-toolchain/bin/../lib/gcc/avr/4.9.2/../../../../avr/lib/avr5\libc.a(utoa_ncheck.o)
 .bss           0x00000000        0x0 c:/program files (x86)/atmel/studio/7.0/toolchain/avr8/avr8-gnu-toolchain/bin/../lib/gcc/avr/4.9.2/../../../../avr/lib/avr5\libc.a(utoa_ncheck.o)
 .text          0x00000000        0x0 c:/program files (x86)/atmel/studio/7.0/toolchain/avr8/avr8-gnu-toolchain/bin/../lib/gcc/avr/4.9.2/../../../../avr/lib/avr5\libc.a(strrev.o)
 .data          0x00000000        0x0 c:/program files (x86)/atmel/studio/7.0/toolchain/avr8/avr8-gnu-toolchain/bin/../lib/gcc/avr/4.9.2/../../../../avr/lib/avr5\libc.a(strrev.o)
 .bss           0x00000000        0x0 c:/program files (x86)/atmel/studio/7.0/toolchain/avr8/avr8-gnu-toolchain/bin/../lib/gcc/avr/4.9.2/../../../../avr/lib/avr5\libc.a(strrev.o)

Memory Configuration

Name             Origin             Length             Attributes
text             0x00000000         0x00020000         xr
data             0x00800060         0x0000ffa0         rw !x
eeprom           0x00810000         0x00010000         rw !x
fuse             0x00820000         0x00000003         rw !x
lock             0x00830000         0x00000400         rw !x
signature        0x00840000         0x00000400         rw !x
user_signatures  0x00850000         0x00000400         rw !x
*default*        0x00000000         0xffffffff

Linker script and memory map

Address of section .data set to 0x800100
LOAD C:/Program Files (x86)/Atmel/Studio/7.0/Packs/atmel/ATmega_DFP/1.1.130/gcc/dev/at90can32/avr5/crtat90can32.o
LOAD include/lcd_lib.o
LOAD include/LED.o
LOAD source/heap_1.o
LOAD source/list.o
LOAD source/main.o
LOAD source/port.o
LOAD source/queue.o
LOAD source/tasks.o
START GROUP
LOAD c:/program files (x86)/atmel/studio/7.0/toolchain/avr8/avr8-gnu-toolchain/bin/../lib/gcc/avr/4.9.2/../../../../avr/lib/avr5\libm.a
END GROUP
START GROUP
LOAD c:/program files (x86)/atmel/studio/7.0/toolchain/avr8/avr8-gnu-toolchain/bin/../lib/gcc/avr/4.9.2/avr5\libgcc.a
LOAD c:/program files (x86)/atmel/studio/7.0/toolchain/avr8/avr8-gnu-toolchain/bin/../lib/gcc/avr/4.9.2/../../../../avr/lib/avr5\libm.a
LOAD c:/program files (x86)/atmel/studio/7.0/toolchain/avr8/avr8-gnu-toolchain/bin/../lib/gcc/avr/4.9.2/../../../../avr/lib/avr5\libc.a
LOAD C:/Program Files (x86)/Atmel/Studio/7.0/Packs/atmel/ATmega_DFP/1.1.130/gcc/dev/at90can32/avr5\libat90can32.a
END GROUP
                0x00020000                __TEXT_REGION_LENGTH__ = DEFINED (__TEXT_REGION_LENGTH__)?__TEXT_REGION_LENGTH__:0x20000
                0x0000ffa0                __DATA_REGION_LENGTH__ = DEFINED (__DATA_REGION_LENGTH__)?__DATA_REGION_LENGTH__:0xffa0
                0x00010000                __EEPROM_REGION_LENGTH__ = DEFINED (__EEPROM_REGION_LENGTH__)?__EEPROM_REGION_LENGTH__:0x10000
                [0x00000003]                __FUSE_REGION_LENGTH__ = DEFINED (__FUSE_REGION_LENGTH__)?__FUSE_REGION_LENGTH__:0x400
                0x00000400                __LOCK_REGION_LENGTH__ = DEFINED (__LOCK_REGION_LENGTH__)?__LOCK_REGION_LENGTH__:0x400
                0x00000400                __SIGNATURE_REGION_LENGTH__ = DEFINED (__SIGNATURE_REGION_LENGTH__)?__SIGNATURE_REGION_LENGTH__:0x400
                0x00000400                __USER_SIGNATURE_REGION_LENGTH__ = DEFINED (__USER_SIGNATURE_REGION_LENGTH__)?__USER_SIGNATURE_REGION_LENGTH__:0x400

.hash
 *(.hash)

.dynsym
 *(.dynsym)

.dynstr
 *(.dynstr)

.gnu.version
 *(.gnu.version)

.gnu.version_d
 *(.gnu.version_d)

.gnu.version_r
 *(.gnu.version_r)

.rel.init
 *(.rel.init)

.rela.init
 *(.rela.init)

.rel.text
 *(.rel.text)
 *(.rel.text.*)
 *(.rel.gnu.linkonce.t*)

.rela.text
 *(.rela.text)
 *(.rela.text.*)
 *(.rela.gnu.linkonce.t*)

.rel.fini
 *(.rel.fini)

.rela.fini
 *(.rela.fini)

.rel.rodata
 *(.rel.rodata)
 *(.rel.rodata.*)
 *(.rel.gnu.linkonce.r*)

.rela.rodata
 *(.rela.rodata)
 *(.rela.rodata.*)
 *(.rela.gnu.linkonce.r*)

.rel.data
 *(.rel.data)
 *(.rel.data.*)
 *(.rel.gnu.linkonce.d*)

.rela.data
 *(.rela.data)
 *(.rela.data.*)
 *(.rela.gnu.linkonce.d*)

.rel.ctors
 *(.rel.ctors)

.rela.ctors
 *(.rela.ctors)

.rel.dtors
 *(.rel.dtors)

.rela.dtors
 *(.rela.dtors)

.rel.got
 *(.rel.got)

.rela.got
 *(.rela.got)

.rel.bss
 *(.rel.bss)

.rela.bss
 *(.rela.bss)

.rel.plt
 *(.rel.plt)

.rela.plt
 *(.rela.plt)

.text           0x00000000     0x1936
 *(.vectors)
 .vectors       0x00000000       0x94 C:/Program Files (x86)/Atmel/Studio/7.0/Packs/atmel/ATmega_DFP/1.1.130/gcc/dev/at90can32/avr5/crtat90can32.o
                0x00000000                __vector_default
                0x00000000                __vectors
 *(.vectors)
 *(.progmem.gcc*)
                0x00000094                . = ALIGN (0x2)
                0x00000094                __trampolines_start = .
 *(.trampolines)
 .trampolines   0x00000094        0x0 linker stubs
 *(.trampolines*)
                0x00000094                __trampolines_end = .
 *libprintf_flt.a:*(.progmem.data)
 *libc.a:*(.progmem.data)
 *(.progmem*)
                0x00000094                . = ALIGN (0x2)
 *(.jumptables)
 *(.jumptables*)
 *(.lowtext)
 *(.lowtext*)
                0x00000094                __ctors_start = .
 *(.ctors)
                0x00000094                __ctors_end = .
                0x00000094                __dtors_start = .
 *(.dtors)
                0x00000094                __dtors_end = .
 SORT(*)(.ctors)
 SORT(*)(.dtors)
 *(.init0)
 .init0         0x00000094        0x0 C:/Program Files (x86)/Atmel/Studio/7.0/Packs/atmel/ATmega_DFP/1.1.130/gcc/dev/at90can32/avr5/crtat90can32.o
                0x00000094                __init
 *(.init0)
 *(.init1)
 *(.init1)
 *(.init2)
 .init2         0x00000094        0xc C:/Program Files (x86)/Atmel/Studio/7.0/Packs/atmel/ATmega_DFP/1.1.130/gcc/dev/at90can32/avr5/crtat90can32.o
 *(.init2)
 *(.init3)
 *(.init3)
 *(.init4)
 .init4         0x000000a0       0x16 c:/program files (x86)/atmel/studio/7.0/toolchain/avr8/avr8-gnu-toolchain/bin/../lib/gcc/avr/4.9.2/avr5\libgcc.a(_copy_data.o)
                0x000000a0                __do_copy_data
 .init4         0x000000b6       0x10 c:/program files (x86)/atmel/studio/7.0/toolchain/avr8/avr8-gnu-toolchain/bin/../lib/gcc/avr/4.9.2/avr5\libgcc.a(_clear_bss.o)
                0x000000b6                __do_clear_bss
 *(.init4)
 *(.init5)
 *(.init5)
 *(.init6)
 *(.init6)
 *(.init7)
 *(.init7)
 *(.init8)
 *(.init8)
 *(.init9)
 .init9         0x000000c6        0x8 C:/Program Files (x86)/Atmel/Studio/7.0/Packs/atmel/ATmega_DFP/1.1.130/gcc/dev/at90can32/avr5/crtat90can32.o
 *(.init9)
 *(.text)
 .text          0x000000ce        0x4 C:/Program Files (x86)/Atmel/Studio/7.0/Packs/atmel/ATmega_DFP/1.1.130/gcc/dev/at90can32/avr5/crtat90can32.o
                0x000000ce                __vector_22
                0x000000ce                __vector_28
                0x000000ce                __vector_1
                0x000000ce                __vector_32
                0x000000ce                __vector_34
                0x000000ce                __vector_24
                0x000000ce                __bad_interrupt
                0x000000ce                __vector_6
                0x000000ce                __vector_31
                0x000000ce                __vector_35
                0x000000ce                __vector_3
                0x000000ce                __vector_23
                0x000000ce                __vector_30
                0x000000ce                __vector_25
                0x000000ce                __vector_11
                0x000000ce                __vector_13
                0x000000ce                __vector_17
                0x000000ce                __vector_19
                0x000000ce                __vector_7
                0x000000ce                __vector_27
                0x000000ce                __vector_5
                0x000000ce                __vector_33
                0x000000ce                __vector_4
                0x000000ce                __vector_9
                0x000000ce                __vector_2
                0x000000ce                __vector_21
                0x000000ce                __vector_15
                0x000000ce                __vector_36
                0x000000ce                __vector_29
                0x000000ce                __vector_8
                0x000000ce                __vector_26
                0x000000ce                __vector_14
                0x000000ce                __vector_10
                0x000000ce                __vector_16
                0x000000ce                __vector_18
                0x000000ce                __vector_20
                0x000000d2                . = ALIGN (0x2)
 *(.text.*)
 .text.pvPortMalloc
                0x000000d2       0x6a source/heap_1.o
                0x000000d2                pvPortMalloc
 .text.vPortFree
                0x0000013c        0x2 source/heap_1.o
                0x0000013c                vPortFree
 .text.vListInitialise
                0x0000013e       0x1c source/list.o
                0x0000013e                vListInitialise
 .text.vListInitialiseItem
                0x0000015a        0x8 source/list.o
                0x0000015a                vListInitialiseItem
 .text.vListInsertEnd
                0x00000162       0x42 source/list.o
                0x00000162                vListInsertEnd
 .text.vListInsert
                0x000001a4       0x62 source/list.o
                0x000001a4                vListInsert
 .text.uxListRemove
                0x00000206       0x4c source/list.o
                0x00000206                uxListRemove
 .text.vLEDFlashTask1
                0x00000252       0x2a source/main.o
 .text.vLEDFlashTask
                0x0000027c       0x2a source/main.o
 .text.vButtonInit
                0x000002a6        0x6 source/main.o
                0x000002a6                vButtonInit
 .text.xButtonGetStatus
                0x000002ac        0xe source/main.o
                0x000002ac                xButtonGetStatus
 .text.vButtonCheckTask
                0x000002ba       0x58 source/main.o
 .text.LCD_CLK  0x00000312       0x16 source/main.o
                0x00000312                LCD_CLK
 .text.LCDReadBusyFlag
                0x00000328       0x48 source/main.o
                0x00000328                LCDReadBusyFlag
 .text.LCDFunctionSet
                0x00000370       0x3e source/main.o
                0x00000370                LCDFunctionSet
 .text.LCDDisplayOnOff
                0x000003ae       0x4c source/main.o
                0x000003ae                LCDDisplayOnOff
 .text.LCDEntryMode
                0x000003fa       0x3e source/main.o
                0x000003fa                LCDEntryMode
 .text.LCDClear
                0x00000438       0x22 source/main.o
                0x00000438                LCDClear
 .text.LCDSetDDRAMaddress
                0x0000045a       0x60 source/main.o
                0x0000045a                LCDSetDDRAMaddress
 .text.LCDSetDDRAMaddressXY
                0x000004ba       0x22 source/main.o
                0x000004ba                LCDSetDDRAMaddressXY
 .text.LCDShowString
                0x000004dc      0x150 source/main.o
                0x000004dc                LCDShowString
 .text.LCDShowChar
                0x0000062c       0x1a source/main.o
                0x0000062c                LCDShowChar
 .text.LCDShowNumber
                0x00000646       0x3c source/main.o
                0x00000646                LCDShowNumber
 .text.LCDShowInt
                0x00000682       0x1a source/main.o
                0x00000682                LCDShowInt
 .text.LCDInit  0x0000069c       0x4c source/main.o
                0x0000069c                LCDInit
 .text.update_LCD_Task
                0x000006e8       0x82 source/main.o
                0x000006e8                update_LCD_Task
 .text.main     0x0000076a       0xaa source/main.o
                0x0000076a                main
 .text.pxPortInitialiseStack
                0x00000814       0xd8 source/port.o
                0x00000814                pxPortInitialiseStack
 .text.xPortStartScheduler
                0x000008ec       0x74 source/port.o
                0x000008ec                xPortStartScheduler
 .text.vPortYield
                0x00000960       0xb2 source/port.o
                0x00000960                vPortYield
 .text.vPortYieldFromTick
                0x00000a12       0xb8 source/port.o
                0x00000a12                vPortYieldFromTick
 .text.__vector_12
                0x00000aca        0x6 source/port.o
                0x00000aca                __vector_12
 .text.prvCopyDataToQueue
                0x00000ad0       0x96 source/queue.o
 .text.prvCopyDataFromQueue
                0x00000b66       0x34 source/queue.o
 .text.prvUnlockQueue
                0x00000b9a       0x9a source/queue.o
 .text.xQueueGenericReset
                0x00000c34       0x7a source/queue.o
                0x00000c34                xQueueGenericReset
 .text.xQueueGenericCreate
                0x00000cae       0x5a source/queue.o
                0x00000cae                xQueueGenericCreate
 .text.xQueueGenericSend
                0x00000d08      0x142 source/queue.o
                0x00000d08                xQueueGenericSend
 .text.xQueueGenericReceive
                0x00000e4a      0x16a source/queue.o
                0x00000e4a                xQueueGenericReceive
 .text.prvResetNextTaskUnblockTime
                0x00000fb4       0x3e source/tasks.o
 .text.prvAddCurrentTaskToDelayedList
                0x00000ff2       0xb0 source/tasks.o
 .text.xTaskCreate
                0x000010a2      0x21a source/tasks.o
                0x000010a2                xTaskCreate
 .text.vTaskStartScheduler
                0x000012bc       0x54 source/tasks.o
                0x000012bc                vTaskStartScheduler
 .text.vTaskSuspendAll
                0x00001310        0xc source/tasks.o
                0x00001310                vTaskSuspendAll
 .text.xTaskGetTickCount
                0x0000131c       0x14 source/tasks.o
                0x0000131c                xTaskGetTickCount
 .text.uxTaskGetNumberOfTasks
                0x00001330        0x6 source/tasks.o
                0x00001330                uxTaskGetNumberOfTasks
 .text.xTaskIncrementTick
                0x00001336      0x176 source/tasks.o
                0x00001336                xTaskIncrementTick
 .text.xTaskResumeAll
                0x000014ac       0xfe source/tasks.o
                0x000014ac                xTaskResumeAll
 .text.vTaskDelayUntil
                0x000015aa       0x80 source/tasks.o
                0x000015aa                vTaskDelayUntil
 .text.prvIdleTask
                0x0000162a       0x7a source/tasks.o
 .text.vTaskSwitchContext
                0x000016a4       0xcc source/tasks.o
                0x000016a4                vTaskSwitchContext
 .text.vTaskPlaceOnEventList
                0x00001770       0x26 source/tasks.o
                0x00001770                vTaskPlaceOnEventList
 .text.xTaskRemoveFromEventList
                0x00001796       0x90 source/tasks.o
                0x00001796                xTaskRemoveFromEventList
 .text.vTaskSetTimeOutState
                0x00001826       0x16 source/tasks.o
                0x00001826                vTaskSetTimeOutState
 .text.xTaskCheckForTimeOut
                0x0000183c       0x72 source/tasks.o
                0x0000183c                xTaskCheckForTimeOut
 .text.vTaskMissedYield
                0x000018ae        0x8 source/tasks.o
                0x000018ae                vTaskMissedYield
 .text.avr-libc
                0x000018b6       0x12 c:/program files (x86)/atmel/studio/7.0/toolchain/avr8/avr8-gnu-toolchain/bin/../lib/gcc/avr/4.9.2/../../../../avr/lib/avr5\libc.a(memcpy.o)
                0x000018b6                memcpy
 .text.avr-libc
                0x000018c8       0x16 c:/program files (x86)/atmel/studio/7.0/toolchain/avr8/avr8-gnu-toolchain/bin/../lib/gcc/avr/4.9.2/../../../../avr/lib/avr5\libc.a(itoa_ncheck.o)
                0x000018c8                __itoa_ncheck
 .text.avr-libc
                0x000018de       0x34 c:/program files (x86)/atmel/studio/7.0/toolchain/avr8/avr8-gnu-toolchain/bin/../lib/gcc/avr/4.9.2/../../../../avr/lib/avr5\libc.a(utoa_ncheck.o)
                0x000018de                __utoa_ncheck
                0x000018e0                __utoa_common
 .text.avr-libc
                0x00001912       0x20 c:/program files (x86)/atmel/studio/7.0/toolchain/avr8/avr8-gnu-toolchain/bin/../lib/gcc/avr/4.9.2/../../../../avr/lib/avr5\libc.a(strrev.o)
                0x00001912                strrev
                0x00001932                . = ALIGN (0x2)
 *(.fini9)
 .fini9         0x00001932        0x0 c:/program files (x86)/atmel/studio/7.0/toolchain/avr8/avr8-gnu-toolchain/bin/../lib/gcc/avr/4.9.2/avr5\libgcc.a(_exit.o)
                0x00001932                _exit
                0x00001932                exit
 *(.fini9)
 *(.fini8)
 *(.fini8)
 *(.fini7)
 *(.fini7)
 *(.fini6)
 *(.fini6)
 *(.fini5)
 *(.fini5)
 *(.fini4)
 *(.fini4)
 *(.fini3)
 *(.fini3)
 *(.fini2)
 *(.fini2)
 *(.fini1)
 *(.fini1)
 *(.fini0)
 .fini0         0x00001932        0x4 c:/program files (x86)/atmel/studio/7.0/toolchain/avr8/avr8-gnu-toolchain/bin/../lib/gcc/avr/4.9.2/avr5\libgcc.a(_exit.o)
 *(.fini0)
                0x00001936                _etext = .

.data           0x00800100       0x2e load address 0x00001936
                0x00800100                PROVIDE (__data_start, .)
 *(.data)
 *(.data*)
 *(.rodata)
 .rodata        0x00800100        0x8 source/main.o
 *(.rodata*)
 .rodata.str1.1
                0x00800108       0x20 source/main.o
                                 0x21 (size before relaxing)
 .rodata.str1.1
                0x00800128        0x5 source/tasks.o
 *(.gnu.linkonce.d*)
                0x0080012e                . = ALIGN (0x2)
 *fill*         0x0080012d        0x1 
                0x0080012e                _edata = .
                0x0080012e                PROVIDE (__data_end, .)

.bss            0x0080012e      0x648
                0x0080012e                PROVIDE (__bss_start, .)
 *(.bss)
 *(.bss*)
 .bss.pucAlignedHeap.1949
                0x0080012e        0x2 source/heap_1.o
 .bss.xNextFreeByte
                0x00800130        0x2 source/heap_1.o
 .bss.ucHeap    0x00800132      0x5dc source/heap_1.o
 .bss.xButtonSemaphore
                0x0080070e        0x2 source/main.o
                0x0080070e                xButtonSemaphore
 .bss.uxSchedulerSuspended
                0x00800710        0x1 source/tasks.o
 .bss.xIdleTaskHandle
                0x00800711        0x2 source/tasks.o
 .bss.xNextTaskUnblockTime
                0x00800713        0x2 source/tasks.o
 .bss.uxTaskNumber
                0x00800715        0x1 source/tasks.o
 .bss.xNumOfOverflows
                0x00800716        0x1 source/tasks.o
 .bss.xYieldPending
                0x00800717        0x1 source/tasks.o
 .bss.uxPendedTicks
                0x00800718        0x1 source/tasks.o
 .bss.xSchedulerRunning
                0x00800719        0x1 source/tasks.o
 .bss.uxTopReadyPriority
                0x0080071a        0x1 source/tasks.o
 .bss.xTickCount
                0x0080071b        0x2 source/tasks.o
 .bss.uxCurrentNumberOfTasks
                0x0080071d        0x1 source/tasks.o
 .bss.xSuspendedTaskList
                0x0080071e        0x9 source/tasks.o
 .bss.uxDeletedTasksWaitingCleanUp
                0x00800727        0x1 source/tasks.o
 .bss.xTasksWaitingTermination
                0x00800728        0x9 source/tasks.o
 .bss.xPendingReadyList
                0x00800731        0x9 source/tasks.o
 .bss.pxOverflowDelayedTaskList
                0x0080073a        0x2 source/tasks.o
 .bss.pxDelayedTaskList
                0x0080073c        0x2 source/tasks.o
 .bss.xDelayedTaskList2
                0x0080073e        0x9 source/tasks.o
 .bss.xDelayedTaskList1
                0x00800747        0x9 source/tasks.o
 .bss.pxReadyTasksLists
                0x00800750       0x24 source/tasks.o
 .bss.pxCurrentTCB
                0x00800774        0x2 source/tasks.o
                0x00800774                pxCurrentTCB
 *(COMMON)
                0x00800776                PROVIDE (__bss_end, .)
                0x00001936                __data_load_start = LOADADDR (.data)
                0x00001964                __data_load_end = (__data_load_start + SIZEOF (.data))

.noinit         0x00800776        0x0
                [!provide]                PROVIDE (__noinit_start, .)
 *(.noinit*)
                [!provide]                PROVIDE (__noinit_end, .)
                0x00800776                _end = .
                [!provide]                PROVIDE (__heap_start, .)

.eeprom         0x00810000        0x0
 *(.eeprom*)
                0x00810000                __eeprom_end = .

.fuse
 *(.fuse)
 *(.lfuse)
 *(.hfuse)
 *(.efuse)

.lock
 *(.lock*)

.signature
 *(.signature*)

.user_signatures
 *(.user_signatures*)

.stab
 *(.stab)

.stabstr
 *(.stabstr)

.stab.excl
 *(.stab.excl)

.stab.exclstr
 *(.stab.exclstr)

.stab.index
 *(.stab.index)

.stab.indexstr
 *(.stab.indexstr)

.comment        0x00000000       0x30
 *(.comment)
 .comment       0x00000000       0x30 source/heap_1.o
                                 0x31 (size before relaxing)
 .comment       0x00000030       0x31 source/list.o
 .comment       0x00000030       0x31 source/main.o
 .comment       0x00000030       0x31 source/port.o
 .comment       0x00000030       0x31 source/queue.o
 .comment       0x00000030       0x31 source/tasks.o

.note.gnu.avr.deviceinfo
                0x00000000       0x3c
 .note.gnu.avr.deviceinfo
                0x00000000       0x3c C:/Program Files (x86)/Atmel/Studio/7.0/Packs/atmel/ATmega_DFP/1.1.130/gcc/dev/at90can32/avr5/crtat90can32.o

.note.gnu.build-id
 *(.note.gnu.build-id)

.debug
 *(.debug)

.line
 *(.line)

.debug_srcinfo
 *(.debug_srcinfo)

.debug_sfnames
 *(.debug_sfnames)

.debug_aranges  0x00000000      0x378
 *(.debug_aranges)
 .debug_aranges
                0x00000000       0x38 source/heap_1.o
 .debug_aranges
                0x00000038       0x40 source/list.o
 .debug_aranges
                0x00000078       0xf0 source/main.o
 .debug_aranges
                0x00000168       0x48 source/port.o
 .debug_aranges
                0x000001b0       0xa0 source/queue.o
 .debug_aranges
                0x00000250      0x128 source/tasks.o

.debug_pubnames
 *(.debug_pubnames)

.debug_info     0x00000000     0x4eb2
 *(.debug_info .gnu.linkonce.wi.*)
 .debug_info    0x00000000      0xa2d C:/Program Files (x86)/Atmel/Studio/7.0/Packs/atmel/ATmega_DFP/1.1.130/gcc/dev/at90can32/avr5/crtat90can32.o
 .debug_info    0x00000a2d      0x1b8 source/heap_1.o
 .debug_info    0x00000be5      0x2cd source/list.o
 .debug_info    0x00000eb2     0x10fe source/main.o
 .debug_info    0x00001fb0      0x261 source/port.o
 .debug_info    0x00002211     0x1116 source/queue.o
 .debug_info    0x00003327     0x1b8b source/tasks.o

.debug_abbrev   0x00000000     0x175c
 *(.debug_abbrev)
 .debug_abbrev  0x00000000      0x9a0 C:/Program Files (x86)/Atmel/Studio/7.0/Packs/atmel/ATmega_DFP/1.1.130/gcc/dev/at90can32/avr5/crtat90can32.o
 .debug_abbrev  0x000009a0      0x12e source/heap_1.o
 .debug_abbrev  0x00000ace       0xf8 source/list.o
 .debug_abbrev  0x00000bc6      0x3f6 source/main.o
 .debug_abbrev  0x00000fbc      0x167 source/port.o
 .debug_abbrev  0x00001123      0x2dd source/queue.o
 .debug_abbrev  0x00001400      0x35c source/tasks.o

.debug_line     0x00000000     0x28d0
 *(.debug_line .debug_line.* .debug_line_end)
 .debug_line    0x00000000      0x175 C:/Program Files (x86)/Atmel/Studio/7.0/Packs/atmel/ATmega_DFP/1.1.130/gcc/dev/at90can32/avr5/crtat90can32.o
 .debug_line    0x00000175      0x1c8 source/heap_1.o
 .debug_line    0x0000033d      0x1e5 source/list.o
 .debug_line    0x00000522      0xab9 source/main.o
 .debug_line    0x00000fdb      0x29c source/port.o
 .debug_line    0x00001277      0x802 source/queue.o
 .debug_line    0x00001a79      0xe57 source/tasks.o

.debug_frame    0x00000000      0xaec
 *(.debug_frame)
 .debug_frame   0x00000000       0x60 source/heap_1.o
 .debug_frame   0x00000060       0x88 source/list.o
 .debug_frame   0x000000e8      0x2e8 source/main.o
 .debug_frame   0x000003d0       0x74 source/port.o
 .debug_frame   0x00000444      0x258 source/queue.o
 .debug_frame   0x0000069c      0x450 source/tasks.o

.debug_str      0x00000000     0x1604
 *(.debug_str)
 .debug_str     0x00000000      0x39f C:/Program Files (x86)/Atmel/Studio/7.0/Packs/atmel/ATmega_DFP/1.1.130/gcc/dev/at90can32/avr5/crtat90can32.o
 .debug_str     0x0000039f      0x1f9 source/heap_1.o
                                0x23d (size before relaxing)
 .debug_str     0x00000598      0x145 source/list.o
                                0x2b7 (size before relaxing)
 .debug_str     0x000006dd      0x352 source/main.o
                                0x4ed (size before relaxing)
 .debug_str     0x00000a2f      0x102 source/port.o
                                0x2b1 (size before relaxing)
 .debug_str     0x00000b31      0x3c4 source/queue.o
                                0x6c5 (size before relaxing)
 .debug_str     0x00000ef5      0x70f source/tasks.o
                                0xbf2 (size before relaxing)

.debug_loc      0x00000000     0x412c
 *(.debug_loc)
 .debug_loc     0x00000000       0xf1 source/heap_1.o
 .debug_loc     0x000000f1      0x145 source/list.o
 .debug_loc     0x00000236      0xae9 source/main.o
 .debug_loc     0x00000d1f      0x2a1 source/port.o
 .debug_loc     0x00000fc0     0x14b7 source/queue.o
 .debug_loc     0x00002477     0x1cb5 source/tasks.o

.debug_macinfo
 *(.debug_macinfo)

.debug_weaknames
 *(.debug_weaknames)

.debug_funcnames
 *(.debug_funcnames)

.debug_typenames
 *(.debug_typenames)

.debug_varnames
 *(.debug_varnames)

.debug_pubtypes
 *(.debug_pubtypes)

.debug_ranges   0x00000000      0x420
 *(.debug_ranges)
 .debug_ranges  0x00000000       0x28 source/heap_1.o
 .debug_ranges  0x00000028       0x30 source/list.o
 .debug_ranges  0x00000058       0xf8 source/main.o
 .debug_ranges  0x00000150       0x38 source/port.o
 .debug_ranges  0x00000188      0x108 source/queue.o
 .debug_ranges  0x00000290      0x190 source/tasks.o

.debug_macro
 *(.debug_macro)
OUTPUT(AT90_Semph.elf elf32-avr)
LOAD linker stubs
